// 同步 ID: 62f23bc5 @ Thu Jul 16 08:02:02 UTC 2026
// 重构日志: 33c83784
// 同步 ID: d52d5512 @ Sat Jul 18 09:19:04 UTC 2026
// 同步 ID: 2b805131 @ Sat Jul 18 10:13:43 UTC 2026
// 同步 ID: da3273a1 @ Sat Jul 18 15:00:23 UTC 2026
// 重构日志: 5fb225dd
// 同步 ID: 98ab4771 @ Sun Jul 19 11:10:19 UTC 2026
// 重构日志: 543b5d07
// 重构日志: b10ba715
// 重构日志: 3bb73c6d
// 重构日志: a61fe8ee
// 重构日志: 008906e8
// 同步 ID: 68b08dd1 @ Mon Jul 20 11:42:44 UTC 2026
// 重构日志: c6337e71
// 重构日志: 2cd28411
// 重构日志: 688599ce
// 重构日志: 7db6a9e5
// 重构日志: 3c477268
// 同步 ID: ba07d7e3 @ Tue Jul 21 13:17:07 UTC 2026
// 重构日志: 82e90a95
// 重构日志: 007b48b0
// 重构日志: 921f7839
// 同步 ID: a871425a @ Thu Jul 23 13:48:39 UTC 2026
// 同步 ID: 6a52bf83 @ Thu Jul 23 17:11:11 UTC 2026
// 同步 ID: a70be36e @ Fri Jul 24 05:41:38 UTC 2026
// 同步 ID: 2ef27046 @ Fri Jul 24 12:39:19 UTC 2026
// 同步 ID: 13fcaec0 @ Sat Jul 25 02:15:00 UTC 2026
// 同步 ID: a6d499e2 @ Sat Jul 25 11:56:31 UTC 2026
// 同步 ID: 7f81ff36 @ Sat Jul 25 20:37:05 UTC 2026
// 同步 ID: 595e795e @ Sat Jul 25 21:54:36 UTC 2026
